// Jest Snapshot v1, https://goo.gl/fbAQLP

exports[`Test Component should render without <p> (snapshot) 1`] = `
<Swipe>
  <span>
    Hello World
  </span>
</Swipe>
`;
